// Jest Snapshot v1, https://goo.gl/fbAQLP

exports[`car lookup should lookup cars by plate number 1`] = `
Object {
  "color": "Blár",
  "factoryNumber": "VF37ENFZE32286866",
  "nextCheck": "01.01.2017",
  "number": "AA031",
  "pollution": " g/km",
  "registeredAt": "26.02.1998",
  "registryNumber": "AA031",
  "status": "Í lagi",
  "subType": "306",
  "type": "PEUGEOT - 306 (Blár)",
  "weight": "1120 kg",
}
`;
